// Jest Snapshot v1, https://goo.gl/fbAQLP

exports[`<Button/> Should render 1`] = `
<styled.button
  onClick={[Function]}
>
  Hello World
</styled.button>
`;
